// Jest Snapshot v1, https://goo.gl/fbAQLP

exports[`Pruebas en el <GiftItem /> Debe hacer match con el snapshot 1`] = `
<div>
  <div
    class="card"
  >
    <img
      alt="Avatar"
      src="https://avatar/korra.jpg"
    />
    <p>
      Avatar
    </p>
  </div>
</div>
`;
